2026-04-22T22:41:54.348+0100 [DEBUG] [org.gradle.launcher.daemon.bootstrap.DaemonMain] Assuming the daemon was started with following jvm opts: [-XX:MaxMetaspaceSize=384m, -XX:+HeapDumpOnOutOfMemoryError, -Xms256m, -Xmx512m, -Dfile.encoding=UTF-8, -Duser.country=TN, -Duser.language=fr, -Duser.variant]
2026-04-22T22:41:54.898+0100 [DEBUG] [org.gradle.internal.remote.internal.inet.InetAddresses] Adding IP addresses for network interface en5
2026-04-22T22:41:54.899+0100 [DEBUG] [org.gradle.internal.remote.internal.inet.InetAddresses] Is this a loopback interface? false
2026-04-22T22:41:54.900+0100 [DEBUG] [org.gradle.internal.remote.internal.inet.InetAddresses] Adding remote address /fe80:0:0:0:aede:48ff:fe00:1122%en5
2026-04-22T22:41:54.900+0100 [DEBUG] [org.gradle.internal.remote.internal.inet.InetAddresses] Adding IP addresses for network interface utun2
2026-04-22T22:41:54.901+0100 [DEBUG] [org.gradle.internal.remote.internal.inet.InetAddresses] Is this a loopback interface? false
2026-04-22T22:41:54.901+0100 [DEBUG] [org.gradle.internal.remote.internal.inet.InetAddresses] Adding remote address /fe80:0:0:0:ce81:b1c:bd2c:69e%utun2
2026-04-22T22:41:54.902+0100 [DEBUG] [org.gradle.internal.remote.internal.inet.InetAddresses] Adding IP addresses for network interface utun1
2026-04-22T22:41:54.903+0100 [DEBUG] [org.gradle.internal.remote.internal.inet.InetAddresses] Is this a loopback interface? false
2026-04-22T22:41:54.903+0100 [DEBUG] [org.gradle.internal.remote.internal.inet.InetAddresses] Adding remote address /fe80:0:0:0:6819:d373:b3e7:a9d7%utun1
2026-04-22T22:41:54.904+0100 [DEBUG] [org.gradle.internal.remote.internal.inet.InetAddresses] Adding IP addresses for network interface utun0
2026-04-22T22:41:54.906+0100 [DEBUG] [org.gradle.internal.remote.internal.inet.InetAddresses] Is this a loopback interface? false
2026-04-22T22:41:54.906+0100 [DEBUG] [org.gradle.internal.remote.internal.inet.InetAddresses] Adding remote address /fe80:0:0:0:21c0:26b7:4198:2092%utun0
2026-04-22T22:41:54.907+0100 [DEBUG] [org.gradle.internal.remote.internal.inet.InetAddresses] Adding IP addresses for network interface llw0
2026-04-22T22:41:54.908+0100 [DEBUG] [org.gradle.internal.remote.internal.inet.InetAddresses] Is this a loopback interface? false
2026-04-22T22:41:54.908+0100 [DEBUG] [org.gradle.internal.remote.internal.inet.InetAddresses] Adding remote address /fe80:0:0:0:bc94:6aff:fe3d:3071%llw0
2026-04-22T22:41:54.909+0100 [DEBUG] [org.gradle.internal.remote.internal.inet.InetAddresses] Adding IP addresses for network interface awdl0
2026-04-22T22:41:54.910+0100 [DEBUG] [org.gradle.internal.remote.internal.inet.InetAddresses] Is this a loopback interface? false
2026-04-22T22:41:54.910+0100 [DEBUG] [org.gradle.internal.remote.internal.inet.InetAddresses] Adding remote address /fe80:0:0:0:bc94:6aff:fe3d:3071%awdl0
2026-04-22T22:41:54.910+0100 [DEBUG] [org.gradle.internal.remote.internal.inet.InetAddresses] Adding IP addresses for network interface en0
2026-04-22T22:41:54.910+0100 [DEBUG] [org.gradle.internal.remote.internal.inet.InetAddresses] Is this a loopback interface? false
2026-04-22T22:41:54.911+0100 [DEBUG] [org.gradle.internal.remote.internal.inet.InetAddresses] Adding remote address /fe80:0:0:0:14e5:239d:f16c:ba25%en0
2026-04-22T22:41:54.911+0100 [DEBUG] [org.gradle.internal.remote.internal.inet.InetAddresses] Adding remote address /192.168.100.10
2026-04-22T22:41:54.912+0100 [DEBUG] [org.gradle.internal.remote.internal.inet.InetAddresses] Adding IP addresses for network interface lo0
2026-04-22T22:41:54.912+0100 [DEBUG] [org.gradle.internal.remote.internal.inet.InetAddresses] Is this a loopback interface? true
2026-04-22T22:41:54.913+0100 [DEBUG] [org.gradle.internal.remote.internal.inet.InetAddresses] Ignoring remote address on loopback interface /fe80:0:0:0:0:0:0:1%lo0
2026-04-22T22:41:54.913+0100 [DEBUG] [org.gradle.internal.remote.internal.inet.InetAddresses] Adding loopback address /0:0:0:0:0:0:0:1%lo0
2026-04-22T22:41:54.914+0100 [DEBUG] [org.gradle.internal.remote.internal.inet.InetAddresses] Adding loopback address /127.0.0.1
2026-04-22T22:41:55.097+0100 [INFO] [org.gradle.launcher.daemon.server.Daemon] start() called on daemon - DefaultDaemonContext[uid=56db26db-d394-4eac-8dd8-d84283002d1a,javaHome=/Users/yosragadhgadhi/Library/Java/JavaVirtualMachines/openjdk-23.0.2/Contents/Home,javaVersion=23,javaVendor=Oracle Corporation,daemonRegistryDir=/Users/yosragadhgadhi/IdeaProjects/elfaddoui-backend/.gradle-local/daemon,pid=91521,idleTimeout=120000,priority=NORMAL,applyInstrumentationAgent=true,nativeServicesMode=ENABLED,daemonOpts=-XX:MaxMetaspaceSize=384m,-XX:+HeapDumpOnOutOfMemoryError,-Xms256m,-Xmx512m,-Dfile.encoding=UTF-8,-Duser.country=TN,-Duser.language=fr,-Duser.variant]
2026-04-22T22:41:55.255+0100 [DEBUG] [org.gradle.internal.remote.internal.inet.TcpIncomingConnector] Listening on [10b3606c-0ba7-4fb2-8a7d-5e61fa0d256c port:52351, addresses:[localhost/127.0.0.1]].
2026-04-22T22:41:55.280+0100 [DEBUG] [org.gradle.launcher.daemon.server.Daemon] Daemon starting at: Wed Apr 22 22:41:55 CET 2026, with address: [10b3606c-0ba7-4fb2-8a7d-5e61fa0d256c port:52351, addresses:[localhost/127.0.0.1]]
2026-04-22T22:41:55.280+0100 [INFO] [org.gradle.launcher.daemon.server.DaemonRegistryUpdater] Advertising the daemon address to the clients: [10b3606c-0ba7-4fb2-8a7d-5e61fa0d256c port:52351, addresses:[localhost/127.0.0.1]]
2026-04-22T22:41:55.281+0100 [DEBUG] [org.gradle.launcher.daemon.server.DaemonRegistryUpdater] Advertised daemon context: DefaultDaemonContext[uid=56db26db-d394-4eac-8dd8-d84283002d1a,javaHome=/Users/yosragadhgadhi/Library/Java/JavaVirtualMachines/openjdk-23.0.2/Contents/Home,javaVersion=23,javaVendor=Oracle Corporation,daemonRegistryDir=/Users/yosragadhgadhi/IdeaProjects/elfaddoui-backend/.gradle-local/daemon,pid=91521,idleTimeout=120000,priority=NORMAL,applyInstrumentationAgent=true,nativeServicesMode=ENABLED,daemonOpts=-XX:MaxMetaspaceSize=384m,-XX:+HeapDumpOnOutOfMemoryError,-Xms256m,-Xmx512m,-Dfile.encoding=UTF-8,-Duser.country=TN,-Duser.language=fr,-Duser.variant]
2026-04-22T22:41:55.282+0100 [DEBUG] [org.gradle.launcher.daemon.registry.PersistentDaemonRegistry] Storing daemon address: [10b3606c-0ba7-4fb2-8a7d-5e61fa0d256c port:52351, addresses:[localhost/127.0.0.1]], context: DefaultDaemonContext[uid=56db26db-d394-4eac-8dd8-d84283002d1a,javaHome=/Users/yosragadhgadhi/Library/Java/JavaVirtualMachines/openjdk-23.0.2/Contents/Home,javaVersion=23,javaVendor=Oracle Corporation,daemonRegistryDir=/Users/yosragadhgadhi/IdeaProjects/elfaddoui-backend/.gradle-local/daemon,pid=91521,idleTimeout=120000,priority=NORMAL,applyInstrumentationAgent=true,nativeServicesMode=ENABLED,daemonOpts=-XX:MaxMetaspaceSize=384m,-XX:+HeapDumpOnOutOfMemoryError,-Xms256m,-Xmx512m,-Dfile.encoding=UTF-8,-Duser.country=TN,-Duser.language=fr,-Duser.variant]
2026-04-22T22:41:55.318+0100 [DEBUG] [org.gradle.cache.internal.DefaultFileLockManager] Waiting to acquire exclusive lock on daemon addresses registry.
2026-04-22T22:41:55.323+0100 [DEBUG] [org.gradle.cache.internal.DefaultFileLockManager] The file lock for daemon addresses registry is held by a different process. I was unable to read on which port the owner listens for lock access requests.
2026-04-22T22:41:55.324+0100 [DEBUG] [org.gradle.cache.internal.DefaultFileLockManager] The file lock for daemon addresses registry is held by a different process. I was unable to read on which port the owner listens for lock access requests.
2026-04-22T22:41:55.324+0100 [DEBUG] [org.gradle.cache.internal.DefaultFileLockManager] The file lock for daemon addresses registry is held by a different process. I was unable to read on which port the owner listens for lock access requests.
2026-04-22T22:41:55.324+0100 [DEBUG] [org.gradle.cache.internal.DefaultFileLockManager] The file lock for daemon addresses registry is held by a different process. I was unable to read on which port the owner listens for lock access requests.
2026-04-22T22:41:55.325+0100 [DEBUG] [org.gradle.cache.internal.DefaultFileLockManager] The file lock for daemon addresses registry is held by a different process. I was unable to read on which port the owner listens for lock access requests.
2026-04-22T22:41:55.325+0100 [DEBUG] [org.gradle.cache.internal.DefaultFileLockManager] The file lock for daemon addresses registry is held by a different process. I was unable to read on which port the owner listens for lock access requests.
2026-04-22T22:41:55.431+0100 [DEBUG] [org.gradle.cache.internal.DefaultFileLockManager] Lock acquired on daemon addresses registry.
2026-04-22T22:41:55.445+0100 [DEBUG] [org.gradle.cache.internal.DefaultFileLockManager] Releasing lock on daemon addresses registry.
2026-04-22T22:41:55.446+0100 [LIFECYCLE] [org.gradle.launcher.daemon.server.Daemon] Daemon server started.
2026-04-22T22:41:55.447+0100 [DEBUG] [org.gradle.launcher.daemon.bootstrap.DaemonStartupCommunication] Completed writing the daemon greeting. Closing streams...
2026-04-22T22:41:55.467+0100 [DEBUG] [org.gradle.launcher.daemon.server.Daemon] stopOnExpiration() called on daemon
2026-04-22T22:41:55.469+0100 [DEBUG] [org.gradle.launcher.daemon.server.Daemon] awaitExpiration() called on daemon
2026-04-22T22:41:55.474+0100 [DEBUG] [org.gradle.launcher.daemon.server.DaemonStateCoordinator] daemon is running. Sleeping until state changes.
2026-04-22T22:41:55.616+0100 [DEBUG] [org.gradle.internal.remote.internal.inet.TcpIncomingConnector] Accepted connection from /127.0.0.1:52354 to /127.0.0.1:52351.
2026-04-22T22:41:55.708+0100 [DEBUG] [org.gradle.launcher.daemon.server.SynchronizedDispatchConnection] thread 29: received class org.gradle.launcher.daemon.protocol.Build
2026-04-22T22:41:55.709+0100 [DEBUG] [org.gradle.launcher.daemon.server.DefaultDaemonConnection] thread 29: Received non-IO message from client: Build{id=cede8c2d-b1ca-44ef-bc23-e984dc0ca82e, currentDir=/Users/yosragadhgadhi/IdeaProjects/elfaddoui-backend}
2026-04-22T22:41:55.709+0100 [INFO] [org.gradle.launcher.daemon.server.DefaultIncomingConnectionHandler] Received command: Build{id=cede8c2d-b1ca-44ef-bc23-e984dc0ca82e, currentDir=/Users/yosragadhgadhi/IdeaProjects/elfaddoui-backend}.
2026-04-22T22:41:55.709+0100 [DEBUG] [org.gradle.launcher.daemon.server.DefaultIncomingConnectionHandler] Starting executing command: Build{id=cede8c2d-b1ca-44ef-bc23-e984dc0ca82e, currentDir=/Users/yosragadhgadhi/IdeaProjects/elfaddoui-backend} with connection: socket connection from /127.0.0.1:52351 to /127.0.0.1:52354.
2026-04-22T22:41:55.713+0100 [DEBUG] [org.gradle.launcher.daemon.server.DaemonStateCoordinator] Command execution: started DaemonCommandExecution[command = Build{id=cede8c2d-b1ca-44ef-bc23-e984dc0ca82e, currentDir=/Users/yosragadhgadhi/IdeaProjects/elfaddoui-backend}, connection = DefaultDaemonConnection: socket connection from /127.0.0.1:52351 to /127.0.0.1:52354] after 0.008266666666666667 minutes of idle
2026-04-22T22:41:55.713+0100 [INFO] [org.gradle.launcher.daemon.server.DaemonRegistryUpdater] Marking the daemon as busy, address: [10b3606c-0ba7-4fb2-8a7d-5e61fa0d256c port:52351, addresses:[localhost/127.0.0.1]]
2026-04-22T22:41:55.713+0100 [DEBUG] [org.gradle.launcher.daemon.registry.PersistentDaemonRegistry] Marking busy by address: [10b3606c-0ba7-4fb2-8a7d-5e61fa0d256c port:52351, addresses:[localhost/127.0.0.1]]
2026-04-22T22:41:55.714+0100 [DEBUG] [org.gradle.cache.internal.DefaultFileLockManager] Waiting to acquire exclusive lock on daemon addresses registry.
2026-04-22T22:41:55.714+0100 [DEBUG] [org.gradle.cache.internal.DefaultFileLockManager] Lock acquired on daemon addresses registry.
2026-04-22T22:41:55.716+0100 [DEBUG] [org.gradle.cache.internal.DefaultFileLockManager] Releasing lock on daemon addresses registry.
2026-04-22T22:41:55.716+0100 [DEBUG] [org.gradle.launcher.daemon.server.DaemonStateCoordinator] resetting idle timer
2026-04-22T22:41:55.717+0100 [DEBUG] [org.gradle.launcher.daemon.server.DaemonStateCoordinator] daemon is running. Sleeping until state changes.
2026-04-22T22:41:55.717+0100 [INFO] [org.gradle.launcher.daemon.server.exec.StartBuildOrRespondWithBusy] Daemon is about to start building Build{id=cede8c2d-b1ca-44ef-bc23-e984dc0ca82e, currentDir=/Users/yosragadhgadhi/IdeaProjects/elfaddoui-backend}. Dispatching build started information...
2026-04-22T22:41:55.718+0100 [DEBUG] [org.gradle.launcher.daemon.server.SynchronizedDispatchConnection] thread 31: dispatching org.gradle.launcher.daemon.protocol.BuildStarted@57704487
2026-04-22T22:41:55.721+0100 [DEBUG] [org.gradle.launcher.daemon.server.exec.EstablishBuildEnvironment] Configuring env variables: [PATH, APP_MAIL_FROM, rvm_bin_path, MAIL_HOST, GIT_PAGER, TERM, rvm_prefix, HOMEBREW_PREFIX, LANG, COMMAND_MODE, GH_PAGER, GRADLE_USER_HOME, COLORTERM, LOGNAME, CODEX_THREAD_ID, HOMEBREW_REPOSITORY, rvm_version, NO_COLOR, XPC_SERVICE_NAME, PWD, INFOPATH, __CFBundleIdentifier, CODEX_CI, APP_MAIL_ENABLED, SHELL, MAIL_USERNAME, CODEX_SANDBOX_NETWORK_DISABLED, PAGER, CODEX_PATH, CODEX_HOME, SECURITYSESSIONID, HOMEBREW_CELLAR, USER, TMPDIR, LaunchInstanceID, rvm_path, MAIL_PORT, SSH_AUTH_SOCK, XPC_FLAGS, LC_ALL, __CF_USER_TEXT_ENCODING, LC_CTYPE, SHLVL, HOME, MAIL_PASSWORD]
2026-04-22T22:41:55.729+0100 [DEBUG] [org.gradle.launcher.daemon.server.exec.LogToClient] About to start relaying all logs to the client via the connection.
2026-04-22T22:41:55.730+0100 [INFO] [org.gradle.launcher.daemon.server.exec.LogToClient] The client will now receive all logging from the daemon (pid: 91521). The daemon log file: /Users/yosragadhgadhi/IdeaProjects/elfaddoui-backend/.gradle-local/daemon/9.3.0/daemon-91521.out.log
2026-04-22T22:41:55.732+0100 [DEBUG] [org.gradle.launcher.daemon.server.exec.RequestStopIfSingleUsedDaemon] Requesting daemon stop after processing Build{id=cede8c2d-b1ca-44ef-bc23-e984dc0ca82e, currentDir=/Users/yosragadhgadhi/IdeaProjects/elfaddoui-backend}
2026-04-22T22:41:55.733+0100 [LIFECYCLE] [org.gradle.launcher.daemon.server.DaemonStateCoordinator] Daemon will be stopped at the end of the build 
2026-04-22T22:41:55.733+0100 [DEBUG] [org.gradle.launcher.daemon.server.DaemonStateCoordinator] Stop as soon as idle requested. The daemon is busy
2026-04-22T22:41:55.734+0100 [DEBUG] [org.gradle.launcher.daemon.server.DaemonStateCoordinator] daemon stop has been requested. Sleeping until state changes.
2026-04-22T22:41:55.815+0100 [DEBUG] [org.gradle.launcher.daemon.server.exec.ExecuteBuild] The daemon has started executing the build.
2026-04-22T22:41:55.816+0100 [DEBUG] [org.gradle.launcher.daemon.server.exec.ExecuteBuild] Executing build with daemon context: DefaultDaemonContext[uid=56db26db-d394-4eac-8dd8-d84283002d1a,javaHome=/Users/yosragadhgadhi/Library/Java/JavaVirtualMachines/openjdk-23.0.2/Contents/Home,javaVersion=23,javaVendor=Oracle Corporation,daemonRegistryDir=/Users/yosragadhgadhi/IdeaProjects/elfaddoui-backend/.gradle-local/daemon,pid=91521,idleTimeout=120000,priority=NORMAL,applyInstrumentationAgent=true,nativeServicesMode=ENABLED,daemonOpts=-XX:MaxMetaspaceSize=384m,-XX:+HeapDumpOnOutOfMemoryError,-Xms256m,-Xmx512m,-Dfile.encoding=UTF-8,-Duser.country=TN,-Duser.language=fr,-Duser.variant]

BUILD SUCCESSFUL in 1m 20s
4 actionable tasks: 4 up-to-date
Consider enabling configuration cache to speed up this build: https://docs.gradle.org/9.3.0/userguide/configuration_cache_enabling.html
2026-04-22T22:42:16.062+0100 [DEBUG] [org.gradle.launcher.daemon.server.exec.ExecuteBuild] The daemon has finished executing the build.
2026-04-22T22:42:16.074+0100 [DEBUG] [org.gradle.launcher.daemon.server.DaemonStateCoordinator] daemon stop has been requested. Sleeping until state changes.
2026-04-22T22:42:16.075+0100 [DEBUG] [org.gradle.launcher.daemon.server.DaemonStateCoordinator] Command execution: finished waiting for DaemonCommandExecution[command = Build{id=cede8c2d-b1ca-44ef-bc23-e984dc0ca82e, currentDir=/Users/yosragadhgadhi/IdeaProjects/elfaddoui-backend}, connection = DefaultDaemonConnection: socket connection from /127.0.0.1:52351 to /127.0.0.1:52354]. Result org.gradle.launcher.daemon.server.DaemonStateCoordinator@5118a6ec with state StopRequested
2026-04-22T22:42:16.075+0100 [DEBUG] [org.gradle.launcher.daemon.server.DaemonStateCoordinator] Command execution: completed DaemonCommandExecution[command = Build{id=cede8c2d-b1ca-44ef-bc23-e984dc0ca82e, currentDir=/Users/yosragadhgadhi/IdeaProjects/elfaddoui-backend}, connection = DefaultDaemonConnection: socket connection from /127.0.0.1:52351 to /127.0.0.1:52354]
2026-04-22T22:42:16.076+0100 [DEBUG] [org.gradle.launcher.daemon.server.DaemonStateCoordinator] resetting idle timer
2026-04-22T22:42:16.076+0100 [DEBUG] [org.gradle.launcher.daemon.server.DaemonStateCoordinator] Marking daemon stopped due to command completed and stop requested. The daemon is not running a build
2026-04-22T22:42:16.076+0100 [DEBUG] [org.gradle.launcher.daemon.server.DaemonStateCoordinator] daemon has stopped.
2026-04-22T22:42:16.076+0100 [DEBUG] [org.gradle.launcher.daemon.server.exec.ReturnResult] Daemon is dispatching the build result: Success[value=org.gradle.launcher.exec.BuildActionResult@f344e51]
2026-04-22T22:42:16.077+0100 [DEBUG] [org.gradle.launcher.daemon.server.SynchronizedDispatchConnection] thread 28: dispatching Success[value=org.gradle.launcher.exec.BuildActionResult@f344e51]
2026-04-22T22:42:16.078+0100 [DEBUG] [org.gradle.launcher.daemon.server.Daemon] stop() called on daemon
2026-04-22T22:42:16.078+0100 [INFO] [org.gradle.launcher.daemon.server.Daemon] Stop requested. Daemon is removing its presence from the registry...
2026-04-22T22:42:16.079+0100 [DEBUG] [org.gradle.launcher.daemon.server.DaemonRegistryUpdater] Removing our presence to clients, eg. removing this address from the registry: [10b3606c-0ba7-4fb2-8a7d-5e61fa0d256c port:52351, addresses:[localhost/127.0.0.1]]
2026-04-22T22:42:16.079+0100 [DEBUG] [org.gradle.launcher.daemon.server.exec.CleanUpVirtualFileSystemAfterBuild] Cleaning virtual file system after build finished
2026-04-22T22:42:16.080+0100 [DEBUG] [org.gradle.launcher.daemon.registry.PersistentDaemonRegistry] Removing daemon address: [10b3606c-0ba7-4fb2-8a7d-5e61fa0d256c port:52351, addresses:[localhost/127.0.0.1]]
2026-04-22T22:42:16.079+0100 [DEBUG] [org.gradle.launcher.daemon.server.DefaultIncomingConnectionHandler] Finishing executing command: Build{id=cede8c2d-b1ca-44ef-bc23-e984dc0ca82e, currentDir=/Users/yosragadhgadhi/IdeaProjects/elfaddoui-backend}
2026-04-22T22:42:16.081+0100 [DEBUG] [org.gradle.cache.internal.DefaultFileLockManager] Waiting to acquire exclusive lock on daemon addresses registry.
2026-04-22T22:42:16.081+0100 [DEBUG] [org.gradle.cache.internal.DefaultFileLockManager] Lock acquired on daemon addresses registry.
2026-04-22T22:42:16.083+0100 [DEBUG] [org.gradle.cache.internal.DefaultFileLockManager] Releasing lock on daemon addresses registry.
2026-04-22T22:42:16.083+0100 [DEBUG] [org.gradle.launcher.daemon.server.DaemonRegistryUpdater] Address removed from registry.
2026-04-22T22:42:16.083+0100 [DEBUG] [org.gradle.launcher.daemon.server.SynchronizedDispatchConnection] thread 29: received class org.gradle.launcher.daemon.protocol.CloseInput
2026-04-22T22:42:16.085+0100 [DEBUG] [org.gradle.launcher.daemon.server.DefaultDaemonConnection] thread 29: Received IO message from client: org.gradle.launcher.daemon.protocol.CloseInput@1defd77e
2026-04-22T22:42:16.085+0100 [DEBUG] [org.gradle.launcher.daemon.server.SynchronizedDispatchConnection] thread 29: received class org.gradle.launcher.daemon.protocol.Finished
2026-04-22T22:42:16.085+0100 [DEBUG] [org.gradle.launcher.daemon.server.DefaultDaemonConnection] thread 29: Received non-IO message from client: org.gradle.launcher.daemon.protocol.Finished@1b9eca9c
2026-04-22T22:42:16.086+0100 [DEBUG] [org.gradle.launcher.daemon.server.DefaultIncomingConnectionHandler] Received finished message: org.gradle.launcher.daemon.protocol.Finished@1b9eca9c
2026-04-22T22:42:16.087+0100 [DEBUG] [org.gradle.launcher.daemon.server.SynchronizedDispatchConnection] thread 28: stopping connection
2026-04-22T22:42:16.093+0100 [DEBUG] [org.gradle.internal.remote.internal.inet.SocketConnection] Discarding EOFException: java.io.EOFException
2026-04-22T22:42:16.093+0100 [DEBUG] [org.gradle.launcher.daemon.server.SynchronizedDispatchConnection] thread 29: received null
2026-04-22T22:42:16.094+0100 [DEBUG] [org.gradle.launcher.daemon.server.DefaultDaemonConnection] thread 29: Received end-of-input from client.
2026-04-22T22:42:16.097+0100 [DEBUG] [org.gradle.launcher.daemon.server.SynchronizedDispatchConnection] thread 28: stopping connection
2026-04-22T22:42:16.111+0100 [DEBUG] [org.gradle.cache.internal.LockOnDemandCrossProcessCacheAccess] Releasing file lock for jars (/Users/yosragadhgadhi/IdeaProjects/elfaddoui-backend/.gradle-local/caches/jars-9)
2026-04-22T22:42:16.111+0100 [DEBUG] [org.gradle.cache.internal.DefaultFileLockManager] Releasing lock on jars (/Users/yosragadhgadhi/IdeaProjects/elfaddoui-backend/.gradle-local/caches/jars-9).
2026-04-22T22:42:16.116+0100 [DEBUG] [org.gradle.cache.internal.LockOnDemandCrossProcessCacheAccess] Releasing file lock for file content cache (/Users/yosragadhgadhi/IdeaProjects/elfaddoui-backend/.gradle-local/caches/9.3.0/fileContent)
2026-04-22T22:42:16.116+0100 [DEBUG] [org.gradle.cache.internal.DefaultFileLockManager] Releasing lock on file content cache (/Users/yosragadhgadhi/IdeaProjects/elfaddoui-backend/.gradle-local/caches/9.3.0/fileContent).
2026-04-22T22:42:16.117+0100 [DEBUG] [org.gradle.internal.watch.vfs.impl.WatchingVirtualFileSystem] Closing VFS, dropping state
2026-04-22T22:42:16.118+0100 [DEBUG] [org.gradle.cache.internal.DefaultCacheCoordinator] Cache Generated Gradle JARs cache (/Users/yosragadhgadhi/IdeaProjects/elfaddoui-backend/.gradle-local/caches/9.3.0/generated-gradle-jars) was closed 0 times.
2026-04-22T22:42:16.118+0100 [DEBUG] [org.gradle.internal.watch.registry.impl.DefaultFileWatcherRegistry] Finished listening to file system change events
2026-04-22T22:42:16.118+0100 [DEBUG] [org.gradle.cache.internal.LockOnDemandCrossProcessCacheAccess] Releasing file lock for artifact cache (/Users/yosragadhgadhi/IdeaProjects/elfaddoui-backend/.gradle-local/caches/modules-2)
2026-04-22T22:42:16.118+0100 [DEBUG] [org.gradle.cache.internal.btree.BTreePersistentIndexedCache] Closing cache module-artifact.bin (/Users/yosragadhgadhi/IdeaProjects/elfaddoui-backend/.gradle-local/caches/modules-2/metadata-2.107/module-artifact.bin)
2026-04-22T22:42:16.119+0100 [DEBUG] [org.gradle.cache.internal.btree.BTreePersistentIndexedCache] Closing cache module-metadata.bin (/Users/yosragadhgadhi/IdeaProjects/elfaddoui-backend/.gradle-local/caches/modules-2/metadata-2.107/module-metadata.bin)
2026-04-22T22:42:16.119+0100 [DEBUG] [org.gradle.cache.internal.DefaultFileLockManager] Releasing lock on artifact cache (/Users/yosragadhgadhi/IdeaProjects/elfaddoui-backend/.gradle-local/caches/modules-2).
2026-04-22T22:42:16.120+0100 [DEBUG] [org.gradle.cache.internal.DefaultCacheCoordinator] Cache groovy-dsl (/Users/yosragadhgadhi/IdeaProjects/elfaddoui-backend/.gradle-local/caches/9.3.0/groovy-dsl) was closed 0 times.
2026-04-22T22:42:16.121+0100 [DEBUG] [org.gradle.cache.internal.DefaultCacheCoordinator] Cache Artifact transforms cache (/Users/yosragadhgadhi/IdeaProjects/elfaddoui-backend/.gradle-local/caches/9.3.0/transforms) was closed 0 times.
2026-04-22T22:42:16.121+0100 [DEBUG] [org.gradle.cache.internal.LockOnDemandCrossProcessCacheAccess] Releasing file lock for journal cache (/Users/yosragadhgadhi/IdeaProjects/elfaddoui-backend/.gradle-local/caches/journal-1)
2026-04-22T22:42:16.122+0100 [DEBUG] [org.gradle.cache.internal.btree.BTreePersistentIndexedCache] Closing cache file-access.bin (/Users/yosragadhgadhi/IdeaProjects/elfaddoui-backend/.gradle-local/caches/journal-1/file-access.bin)
2026-04-22T22:42:16.122+0100 [DEBUG] [org.gradle.cache.internal.DefaultFileLockManager] Releasing lock on journal cache (/Users/yosragadhgadhi/IdeaProjects/elfaddoui-backend/.gradle-local/caches/journal-1).
2026-04-22T22:42:16.123+0100 [DEBUG] [org.gradle.cache.internal.LockOnDemandCrossProcessCacheAccess] Releasing file lock for file hash cache (/Users/yosragadhgadhi/IdeaProjects/elfaddoui-backend/.gradle-local/caches/9.3.0/fileHashes)
2026-04-22T22:42:16.123+0100 [DEBUG] [org.gradle.cache.internal.btree.BTreePersistentIndexedCache] Closing cache fileHashes.bin (/Users/yosragadhgadhi/IdeaProjects/elfaddoui-backend/.gradle-local/caches/9.3.0/fileHashes/fileHashes.bin)
2026-04-22T22:42:16.124+0100 [DEBUG] [org.gradle.cache.internal.btree.BTreePersistentIndexedCache] Closing cache resourceHashesCache.bin (/Users/yosragadhgadhi/IdeaProjects/elfaddoui-backend/.gradle-local/caches/9.3.0/fileHashes/resourceHashesCache.bin)
2026-04-22T22:42:16.124+0100 [DEBUG] [org.gradle.cache.internal.DefaultFileLockManager] Releasing lock on file hash cache (/Users/yosragadhgadhi/IdeaProjects/elfaddoui-backend/.gradle-local/caches/9.3.0/fileHashes).
2026-04-22T22:42:16.125+0100 [DEBUG] [org.gradle.internal.operations.DefaultBuildOperationRunner] Build operation 'Deleting unused version-specific caches in /Users/yosragadhgadhi/IdeaProjects/elfaddoui-backend/.gradle-local/caches' started
2026-04-22T22:42:16.141+0100 [DEBUG] [org.gradle.cache.internal.VersionSpecificCacheCleanupAction] Processed version-specific caches at /Users/yosragadhgadhi/IdeaProjects/elfaddoui-backend/.gradle-local/caches for cleanup in 0.015 secs
2026-04-22T22:42:16.142+0100 [DEBUG] [org.gradle.internal.operations.DefaultBuildOperationRunner] Completing Build operation 'Deleting unused version-specific caches in /Users/yosragadhgadhi/IdeaProjects/elfaddoui-backend/.gradle-local/caches'
2026-04-22T22:42:16.142+0100 [DEBUG] [org.gradle.internal.operations.DefaultBuildOperationRunner] Build operation 'Deleting unused version-specific caches in /Users/yosragadhgadhi/IdeaProjects/elfaddoui-backend/.gradle-local/caches' completed
2026-04-22T22:42:16.143+0100 [DEBUG] [org.gradle.internal.operations.DefaultBuildOperationRunner] Build operation 'Deleting unused Gradle distributions in /Users/yosragadhgadhi/IdeaProjects/elfaddoui-backend/.gradle-local/wrapper/dists' started
2026-04-22T22:42:16.151+0100 [DEBUG] [org.gradle.internal.operations.DefaultBuildOperationRunner] Completing Build operation 'Deleting unused Gradle distributions in /Users/yosragadhgadhi/IdeaProjects/elfaddoui-backend/.gradle-local/wrapper/dists'
2026-04-22T22:42:16.152+0100 [DEBUG] [org.gradle.internal.operations.DefaultBuildOperationRunner] Build operation 'Deleting unused Gradle distributions in /Users/yosragadhgadhi/IdeaProjects/elfaddoui-backend/.gradle-local/wrapper/dists' completed
2026-04-22T22:42:16.156+0100 [DEBUG] [org.gradle.launcher.daemon.server.Daemon] stop() called on daemon
2026-04-22T22:42:16.156+0100 [INFO] [org.gradle.launcher.daemon.server.Daemon] Stop requested. Daemon is removing its presence from the registry...
2026-04-22T22:42:16.156+0100 [DEBUG] [org.gradle.launcher.daemon.server.DaemonRegistryUpdater] Removing our presence to clients, eg. removing this address from the registry: [10b3606c-0ba7-4fb2-8a7d-5e61fa0d256c port:52351, addresses:[localhost/127.0.0.1]]
2026-04-22T22:42:16.156+0100 [DEBUG] [org.gradle.launcher.daemon.registry.PersistentDaemonRegistry] Removing daemon address: [10b3606c-0ba7-4fb2-8a7d-5e61fa0d256c port:52351, addresses:[localhost/127.0.0.1]]
2026-04-22T22:42:16.157+0100 [DEBUG] [org.gradle.cache.internal.DefaultFileLockManager] Waiting to acquire exclusive lock on daemon addresses registry.
2026-04-22T22:42:16.157+0100 [DEBUG] [org.gradle.cache.internal.DefaultFileLockManager] Lock acquired on daemon addresses registry.
2026-04-22T22:42:16.158+0100 [DEBUG] [org.gradle.cache.internal.DefaultFileLockManager] Releasing lock on daemon addresses registry.
2026-04-22T22:42:16.161+0100 [DEBUG] [org.gradle.launcher.daemon.server.DaemonRegistryUpdater] Address removed from registry.
2026-04-22T22:42:16.162+0100 [DEBUG] [org.gradle.cache.internal.locklistener.DefaultFileLockContentionHandler] File lock listener thread completed.
2026-04-22T22:42:16.167+0100 [DEBUG] [java.lang.Runtime] Runtime.exit() called with status: 0
java.lang.Throwable: Runtime.exit(0)
	at java.base/java.lang.Shutdown.logRuntimeExit(Shutdown.java:179)
	at java.base/java.lang.Shutdown.exit(Shutdown.java:160)
	at java.base/java.lang.Runtime.exit(Runtime.java:188)
	at java.base/java.lang.System.exit(System.java:1923)
	at org.gradle.launcher.bootstrap.ProcessCompleter.complete(ProcessCompleter.java:21)
	at org.gradle.launcher.bootstrap.EntryPoint.run(EntryPoint.java:62)
	at java.base/jdk.internal.reflect.DirectMethodHandleAccessor.invoke(DirectMethodHandleAccessor.java:103)
	at java.base/java.lang.reflect.Method.invoke(Method.java:580)
	at org.gradle.launcher.bootstrap.ProcessBootstrap.runNoExit(ProcessBootstrap.java:72)
	at org.gradle.launcher.bootstrap.ProcessBootstrap.run(ProcessBootstrap.java:39)
	at org.gradle.launcher.daemon.bootstrap.GradleDaemon.main(GradleDaemon.java:22)
2026-04-22T22:42:16.171+0100 [DEBUG] [org.gradle.launcher.daemon.registry.PersistentDaemonRegistry] Removing daemon address: [10b3606c-0ba7-4fb2-8a7d-5e61fa0d256c port:52351, addresses:[localhost/127.0.0.1]]
2026-04-22T22:42:16.171+0100 [DEBUG] [org.gradle.launcher.daemon.server.Daemon] VM shutdown hook was unable to remove the daemon address from the registry. It will be cleaned up later.
java.lang.IllegalStateException: Cannot start managing file contention because this handler has been closed.
	at org.gradle.cache.internal.locklistener.DefaultFileLockContentionHandler.assertNotStopped(DefaultFileLockContentionHandler.java:267)
	at org.gradle.cache.internal.locklistener.DefaultFileLockContentionHandler.reservePort(DefaultFileLockContentionHandler.java:312)
	at org.gradle.cache.internal.DefaultFileLockManager.lock(DefaultFileLockManager.java:124)
	at org.gradle.cache.internal.DefaultFileLockManager.lock(DefaultFileLockManager.java:106)
	at org.gradle.cache.internal.DefaultFileLockManager.lock(DefaultFileLockManager.java:101)
	at org.gradle.cache.internal.OnDemandFileAccess.updateFile(OnDemandFileAccess.java:51)
	at org.gradle.cache.internal.FileBackedObjectHolder.update(FileBackedObjectHolder.java:77)
	at org.gradle.cache.internal.FileIntegrityViolationSuppressingObjectHolderDecorator.lambda$update$0(FileIntegrityViolationSuppressingObjectHolderDecorator.java:48)
	at org.gradle.cache.internal.FileIntegrityViolationSuppressingObjectHolderDecorator.doUpdate(FileIntegrityViolationSuppressingObjectHolderDecorator.java:58)
	at org.gradle.cache.internal.FileIntegrityViolationSuppressingObjectHolderDecorator.update(FileIntegrityViolationSuppressingObjectHolderDecorator.java:48)
	at org.gradle.launcher.daemon.registry.PersistentDaemonRegistry.remove(PersistentDaemonRegistry.java:133)
	at org.gradle.launcher.daemon.server.Daemon$1.run(Daemon.java:133)
	at java.base/java.lang.Thread.run(Thread.java:1575)
Daemon vm is shutting down... The daemon has exited normally or was terminated in response to a user interrupt.
