2026-04-23T21:23:26.979+0100 [DEBUG] [org.gradle.launcher.daemon.bootstrap.DaemonMain] Assuming the daemon was started with following jvm opts: [-XX:MaxMetaspaceSize=384m, -XX:+HeapDumpOnOutOfMemoryError, -Xms256m, -Xmx512m, -Dfile.encoding=UTF-8, -Duser.country=TN, -Duser.language=fr, -Duser.variant]
2026-04-23T21:23:27.352+0100 [DEBUG] [org.gradle.internal.remote.internal.inet.InetAddresses] Adding IP addresses for network interface utun2
2026-04-23T21:23:27.353+0100 [DEBUG] [org.gradle.internal.remote.internal.inet.InetAddresses] Is this a loopback interface? false
2026-04-23T21:23:27.354+0100 [DEBUG] [org.gradle.internal.remote.internal.inet.InetAddresses] Adding remote address /fe80:0:0:0:ce81:b1c:bd2c:69e%utun2
2026-04-23T21:23:27.354+0100 [DEBUG] [org.gradle.internal.remote.internal.inet.InetAddresses] Adding IP addresses for network interface utun1
2026-04-23T21:23:27.355+0100 [DEBUG] [org.gradle.internal.remote.internal.inet.InetAddresses] Is this a loopback interface? false
2026-04-23T21:23:27.356+0100 [DEBUG] [org.gradle.internal.remote.internal.inet.InetAddresses] Adding remote address /fe80:0:0:0:a78c:e8d4:eb9a:b806%utun1
2026-04-23T21:23:27.357+0100 [DEBUG] [org.gradle.internal.remote.internal.inet.InetAddresses] Adding IP addresses for network interface utun0
2026-04-23T21:23:27.358+0100 [DEBUG] [org.gradle.internal.remote.internal.inet.InetAddresses] Is this a loopback interface? false
2026-04-23T21:23:27.359+0100 [DEBUG] [org.gradle.internal.remote.internal.inet.InetAddresses] Adding remote address /fe80:0:0:0:26c2:90b2:d721:b80%utun0
2026-04-23T21:23:27.359+0100 [DEBUG] [org.gradle.internal.remote.internal.inet.InetAddresses] Adding IP addresses for network interface llw0
2026-04-23T21:23:27.360+0100 [DEBUG] [org.gradle.internal.remote.internal.inet.InetAddresses] Is this a loopback interface? false
2026-04-23T21:23:27.360+0100 [DEBUG] [org.gradle.internal.remote.internal.inet.InetAddresses] Adding remote address /fe80:0:0:0:d862:25ff:fea4:1469%llw0
2026-04-23T21:23:27.360+0100 [DEBUG] [org.gradle.internal.remote.internal.inet.InetAddresses] Adding IP addresses for network interface awdl0
2026-04-23T21:23:27.361+0100 [DEBUG] [org.gradle.internal.remote.internal.inet.InetAddresses] Is this a loopback interface? false
2026-04-23T21:23:27.361+0100 [DEBUG] [org.gradle.internal.remote.internal.inet.InetAddresses] Adding remote address /fe80:0:0:0:d862:25ff:fea4:1469%awdl0
2026-04-23T21:23:27.362+0100 [DEBUG] [org.gradle.internal.remote.internal.inet.InetAddresses] Adding IP addresses for network interface en5
2026-04-23T21:23:27.362+0100 [DEBUG] [org.gradle.internal.remote.internal.inet.InetAddresses] Is this a loopback interface? false
2026-04-23T21:23:27.363+0100 [DEBUG] [org.gradle.internal.remote.internal.inet.InetAddresses] Adding remote address /fe80:0:0:0:aede:48ff:fe00:1122%en5
2026-04-23T21:23:27.364+0100 [DEBUG] [org.gradle.internal.remote.internal.inet.InetAddresses] Adding IP addresses for network interface en0
2026-04-23T21:23:27.365+0100 [DEBUG] [org.gradle.internal.remote.internal.inet.InetAddresses] Is this a loopback interface? false
2026-04-23T21:23:27.365+0100 [DEBUG] [org.gradle.internal.remote.internal.inet.InetAddresses] Adding remote address /fe80:0:0:0:14b6:d221:6226:997c%en0
2026-04-23T21:23:27.366+0100 [DEBUG] [org.gradle.internal.remote.internal.inet.InetAddresses] Adding remote address /192.168.100.10
2026-04-23T21:23:27.366+0100 [DEBUG] [org.gradle.internal.remote.internal.inet.InetAddresses] Adding IP addresses for network interface lo0
2026-04-23T21:23:27.367+0100 [DEBUG] [org.gradle.internal.remote.internal.inet.InetAddresses] Is this a loopback interface? true
2026-04-23T21:23:27.367+0100 [DEBUG] [org.gradle.internal.remote.internal.inet.InetAddresses] Ignoring remote address on loopback interface /fe80:0:0:0:0:0:0:1%lo0
2026-04-23T21:23:27.368+0100 [DEBUG] [org.gradle.internal.remote.internal.inet.InetAddresses] Adding loopback address /0:0:0:0:0:0:0:1%lo0
2026-04-23T21:23:27.368+0100 [DEBUG] [org.gradle.internal.remote.internal.inet.InetAddresses] Adding loopback address /127.0.0.1
2026-04-23T21:23:27.469+0100 [INFO] [org.gradle.launcher.daemon.server.Daemon] start() called on daemon - DefaultDaemonContext[uid=c7179c01-5a9a-424e-b1d2-9ffb562064d6,javaHome=/Users/yosragadhgadhi/Library/Java/JavaVirtualMachines/openjdk-23.0.2/Contents/Home,javaVersion=23,javaVendor=Oracle Corporation,daemonRegistryDir=/Users/yosragadhgadhi/IdeaProjects/elfaddoui-backend/.gradle-local/daemon,pid=38805,idleTimeout=120000,priority=NORMAL,applyInstrumentationAgent=true,nativeServicesMode=ENABLED,daemonOpts=-XX:MaxMetaspaceSize=384m,-XX:+HeapDumpOnOutOfMemoryError,-Xms256m,-Xmx512m,-Dfile.encoding=UTF-8,-Duser.country=TN,-Duser.language=fr,-Duser.variant]
2026-04-23T21:23:27.529+0100 [DEBUG] [org.gradle.internal.remote.internal.inet.TcpIncomingConnector] Listening on [a5c0e304-3dac-4386-969b-d0bec766f251 port:59856, addresses:[localhost/127.0.0.1]].
2026-04-23T21:23:27.543+0100 [DEBUG] [org.gradle.launcher.daemon.server.Daemon] Daemon starting at: Thu Apr 23 21:23:27 CET 2026, with address: [a5c0e304-3dac-4386-969b-d0bec766f251 port:59856, addresses:[localhost/127.0.0.1]]
2026-04-23T21:23:27.543+0100 [INFO] [org.gradle.launcher.daemon.server.DaemonRegistryUpdater] Advertising the daemon address to the clients: [a5c0e304-3dac-4386-969b-d0bec766f251 port:59856, addresses:[localhost/127.0.0.1]]
2026-04-23T21:23:27.544+0100 [DEBUG] [org.gradle.launcher.daemon.server.DaemonRegistryUpdater] Advertised daemon context: DefaultDaemonContext[uid=c7179c01-5a9a-424e-b1d2-9ffb562064d6,javaHome=/Users/yosragadhgadhi/Library/Java/JavaVirtualMachines/openjdk-23.0.2/Contents/Home,javaVersion=23,javaVendor=Oracle Corporation,daemonRegistryDir=/Users/yosragadhgadhi/IdeaProjects/elfaddoui-backend/.gradle-local/daemon,pid=38805,idleTimeout=120000,priority=NORMAL,applyInstrumentationAgent=true,nativeServicesMode=ENABLED,daemonOpts=-XX:MaxMetaspaceSize=384m,-XX:+HeapDumpOnOutOfMemoryError,-Xms256m,-Xmx512m,-Dfile.encoding=UTF-8,-Duser.country=TN,-Duser.language=fr,-Duser.variant]
2026-04-23T21:23:27.546+0100 [DEBUG] [org.gradle.launcher.daemon.registry.PersistentDaemonRegistry] Storing daemon address: [a5c0e304-3dac-4386-969b-d0bec766f251 port:59856, addresses:[localhost/127.0.0.1]], context: DefaultDaemonContext[uid=c7179c01-5a9a-424e-b1d2-9ffb562064d6,javaHome=/Users/yosragadhgadhi/Library/Java/JavaVirtualMachines/openjdk-23.0.2/Contents/Home,javaVersion=23,javaVendor=Oracle Corporation,daemonRegistryDir=/Users/yosragadhgadhi/IdeaProjects/elfaddoui-backend/.gradle-local/daemon,pid=38805,idleTimeout=120000,priority=NORMAL,applyInstrumentationAgent=true,nativeServicesMode=ENABLED,daemonOpts=-XX:MaxMetaspaceSize=384m,-XX:+HeapDumpOnOutOfMemoryError,-Xms256m,-Xmx512m,-Dfile.encoding=UTF-8,-Duser.country=TN,-Duser.language=fr,-Duser.variant]
2026-04-23T21:23:27.561+0100 [DEBUG] [org.gradle.cache.internal.DefaultFileLockManager] Waiting to acquire exclusive lock on daemon addresses registry.
2026-04-23T21:23:27.568+0100 [DEBUG] [org.gradle.cache.internal.DefaultFileLockManager] Lock acquired on daemon addresses registry.
2026-04-23T21:23:27.591+0100 [DEBUG] [org.gradle.cache.internal.DefaultFileLockManager] Releasing lock on daemon addresses registry.
2026-04-23T21:23:27.592+0100 [LIFECYCLE] [org.gradle.launcher.daemon.server.Daemon] Daemon server started.
2026-04-23T21:23:27.594+0100 [DEBUG] [org.gradle.launcher.daemon.bootstrap.DaemonStartupCommunication] Completed writing the daemon greeting. Closing streams...
2026-04-23T21:23:27.628+0100 [DEBUG] [org.gradle.launcher.daemon.server.Daemon] stopOnExpiration() called on daemon
2026-04-23T21:23:27.637+0100 [DEBUG] [org.gradle.launcher.daemon.server.Daemon] awaitExpiration() called on daemon
2026-04-23T21:23:27.638+0100 [DEBUG] [org.gradle.launcher.daemon.server.DaemonStateCoordinator] daemon is running. Sleeping until state changes.
2026-04-23T21:23:27.642+0100 [DEBUG] [org.gradle.internal.remote.internal.inet.TcpIncomingConnector] Accepted connection from /127.0.0.1:59857 to /127.0.0.1:59856.
2026-04-23T21:23:27.718+0100 [DEBUG] [org.gradle.launcher.daemon.server.SynchronizedDispatchConnection] thread 29: received class org.gradle.launcher.daemon.protocol.Build
2026-04-23T21:23:27.719+0100 [DEBUG] [org.gradle.launcher.daemon.server.DefaultDaemonConnection] thread 29: Received non-IO message from client: Build{id=f6268bce-0302-4805-80cf-db0c00b4e00c, currentDir=/Users/yosragadhgadhi/IdeaProjects/elfaddoui-backend}
2026-04-23T21:23:27.719+0100 [INFO] [org.gradle.launcher.daemon.server.DefaultIncomingConnectionHandler] Received command: Build{id=f6268bce-0302-4805-80cf-db0c00b4e00c, currentDir=/Users/yosragadhgadhi/IdeaProjects/elfaddoui-backend}.
2026-04-23T21:23:27.720+0100 [DEBUG] [org.gradle.launcher.daemon.server.DefaultIncomingConnectionHandler] Starting executing command: Build{id=f6268bce-0302-4805-80cf-db0c00b4e00c, currentDir=/Users/yosragadhgadhi/IdeaProjects/elfaddoui-backend} with connection: socket connection from /127.0.0.1:59856 to /127.0.0.1:59857.
2026-04-23T21:23:27.725+0100 [DEBUG] [org.gradle.launcher.daemon.server.DaemonStateCoordinator] Command execution: started DaemonCommandExecution[command = Build{id=f6268bce-0302-4805-80cf-db0c00b4e00c, currentDir=/Users/yosragadhgadhi/IdeaProjects/elfaddoui-backend}, connection = DefaultDaemonConnection: socket connection from /127.0.0.1:59856 to /127.0.0.1:59857] after 0.003483333333333333 minutes of idle
2026-04-23T21:23:27.732+0100 [INFO] [org.gradle.launcher.daemon.server.DaemonRegistryUpdater] Marking the daemon as busy, address: [a5c0e304-3dac-4386-969b-d0bec766f251 port:59856, addresses:[localhost/127.0.0.1]]
2026-04-23T21:23:27.732+0100 [DEBUG] [org.gradle.launcher.daemon.registry.PersistentDaemonRegistry] Marking busy by address: [a5c0e304-3dac-4386-969b-d0bec766f251 port:59856, addresses:[localhost/127.0.0.1]]
2026-04-23T21:23:27.734+0100 [DEBUG] [org.gradle.cache.internal.DefaultFileLockManager] Waiting to acquire exclusive lock on daemon addresses registry.
2026-04-23T21:23:27.735+0100 [DEBUG] [org.gradle.cache.internal.DefaultFileLockManager] Lock acquired on daemon addresses registry.
2026-04-23T21:23:27.737+0100 [DEBUG] [org.gradle.cache.internal.DefaultFileLockManager] Releasing lock on daemon addresses registry.
2026-04-23T21:23:27.737+0100 [DEBUG] [org.gradle.launcher.daemon.server.DaemonStateCoordinator] resetting idle timer
2026-04-23T21:23:27.737+0100 [DEBUG] [org.gradle.launcher.daemon.server.DaemonStateCoordinator] daemon is running. Sleeping until state changes.
2026-04-23T21:23:27.738+0100 [INFO] [org.gradle.launcher.daemon.server.exec.StartBuildOrRespondWithBusy] Daemon is about to start building Build{id=f6268bce-0302-4805-80cf-db0c00b4e00c, currentDir=/Users/yosragadhgadhi/IdeaProjects/elfaddoui-backend}. Dispatching build started information...
2026-04-23T21:23:27.739+0100 [DEBUG] [org.gradle.launcher.daemon.server.SynchronizedDispatchConnection] thread 31: dispatching org.gradle.launcher.daemon.protocol.BuildStarted@326ed007
2026-04-23T21:23:27.747+0100 [DEBUG] [org.gradle.launcher.daemon.server.exec.EstablishBuildEnvironment] Configuring env variables: [PATH, APP_MAIL_FROM, rvm_silent_flag, rvm_sticky_flag, rvm_quiet_flag, CONDA_DEFAULT_ENV, GIT_PAGER, rvm_bin_flag, RBENV_SHELL, CONDA_PYTHON_EXE, CONDA_PREFIX, GH_PAGER, COLORTERM, rvm_niceness, rvm_ruby_mode, rvm_ruby_make_install, LOGNAME, rvm_version, PWD, INFOPATH, rvm_proxy, rvm_ruby_url, APP_MAIL_ENABLED, NVM_CD_FLAGS, SHELL, CODEX_SANDBOX_NETWORK_DISABLED, PAGER, rvm_delete_flag, rvm_hook, CODEX_HOME, HOMEBREW_CELLAR, rvm_sdk, SECURITYSESSIONID, rvm_nightly_flag, TMPDIR, rvm_path, rvm_use_flag, XPC_FLAGS, LC_ALL, __CF_USER_TEXT_ENCODING, CONDA_PROMPT_MODIFIER, LC_CTYPE, rvm_file_name, rvm_pretty_print_flag, MAIL_PASSWORD, SHLVL, GSETTINGS_SCHEMA_DIR_CONDA_BACKUP, rvm_gemstone_package_file, rvm_bin_path, MAIL_HOST, CONDA_EXE, TERM, rvm_prefix, rvm_only_path_flag, HOMEBREW_PREFIX, LANG, COMMAND_MODE, rvm_ruby_configure, rvm_script_name, rvm_ruby_alias, rvm_ruby_make, NVM_INC, GRADLE_USER_HOME, _CE_M, rvm_gemstone_url, rvm_user_flag, rvm_docs_type, CODEX_THREAD_ID, HOMEBREW_REPOSITORY, NO_COLOR, XPC_SERVICE_NAME, CONDA_SHLVL, CODEX_CI, __CFBundleIdentifier, NVM_DIR, MAIL_USERNAME, rvm_ruby_global_gems_path, CODEX_PATH, USER, rvm_ruby_file, LaunchInstanceID, rvm_alias_expanded, MAIL_PORT, rvm_ruby_bits, SSH_AUTH_SOCK, _CE_CONDA, rvm_ruby_string, rvm_system_flag, GSETTINGS_SCHEMA_DIR, NVM_BIN, HOME]
2026-04-23T21:23:27.762+0100 [DEBUG] [org.gradle.launcher.daemon.server.exec.LogToClient] About to start relaying all logs to the client via the connection.
2026-04-23T21:23:27.763+0100 [INFO] [org.gradle.launcher.daemon.server.exec.LogToClient] The client will now receive all logging from the daemon (pid: 38805). The daemon log file: /Users/yosragadhgadhi/IdeaProjects/elfaddoui-backend/.gradle-local/daemon/9.3.0/daemon-38805.out.log
2026-04-23T21:23:27.766+0100 [DEBUG] [org.gradle.launcher.daemon.server.exec.RequestStopIfSingleUsedDaemon] Requesting daemon stop after processing Build{id=f6268bce-0302-4805-80cf-db0c00b4e00c, currentDir=/Users/yosragadhgadhi/IdeaProjects/elfaddoui-backend}
2026-04-23T21:23:27.767+0100 [LIFECYCLE] [org.gradle.launcher.daemon.server.DaemonStateCoordinator] Daemon will be stopped at the end of the build 
2026-04-23T21:23:27.768+0100 [DEBUG] [org.gradle.launcher.daemon.server.DaemonStateCoordinator] Stop as soon as idle requested. The daemon is busy
2026-04-23T21:23:27.768+0100 [DEBUG] [org.gradle.launcher.daemon.server.DaemonStateCoordinator] daemon stop has been requested. Sleeping until state changes.
2026-04-23T21:23:27.788+0100 [DEBUG] [org.gradle.launcher.daemon.server.exec.ExecuteBuild] The daemon has started executing the build.
2026-04-23T21:23:27.789+0100 [DEBUG] [org.gradle.launcher.daemon.server.exec.ExecuteBuild] Executing build with daemon context: DefaultDaemonContext[uid=c7179c01-5a9a-424e-b1d2-9ffb562064d6,javaHome=/Users/yosragadhgadhi/Library/Java/JavaVirtualMachines/openjdk-23.0.2/Contents/Home,javaVersion=23,javaVendor=Oracle Corporation,daemonRegistryDir=/Users/yosragadhgadhi/IdeaProjects/elfaddoui-backend/.gradle-local/daemon,pid=38805,idleTimeout=120000,priority=NORMAL,applyInstrumentationAgent=true,nativeServicesMode=ENABLED,daemonOpts=-XX:MaxMetaspaceSize=384m,-XX:+HeapDumpOnOutOfMemoryError,-Xms256m,-Xmx512m,-Dfile.encoding=UTF-8,-Duser.country=TN,-Duser.language=fr,-Duser.variant]
/Users/yosragadhgadhi/IdeaProjects/elfaddoui-backend/src/test/java/com/elfaddoui/backend/AuthIntegrationTest.java:20: warning: [removal] MockBean in org.springframework.boot.test.mock.mockito has been deprecated and marked for removal
    @MockBean
     ^
1 warning
OpenJDK 64-Bit Server VM warning: Sharing is only supported for boot loader classes because bootstrap classpath has been appended
2026-04-23T21:24:18.945+01:00  INFO 38917 --- [ionShutdownHook] j.LocalContainerEntityManagerFactoryBean : Closing JPA EntityManagerFactory for persistence unit 'default'
2026-04-23T21:24:18.956+01:00  INFO 38917 --- [ionShutdownHook] com.zaxxer.hikari.HikariDataSource       : HikariPool-1 - Shutdown initiated...
2026-04-23T21:24:18.961+01:00  INFO 38917 --- [ionShutdownHook] com.zaxxer.hikari.HikariDataSource       : HikariPool-1 - Shutdown completed.
2026-04-23T21:24:18.968+01:00  INFO 38917 --- [ionShutdownHook] j.LocalContainerEntityManagerFactoryBean : Closing JPA EntityManagerFactory for persistence unit 'default'
2026-04-23T21:24:18.970+01:00  INFO 38917 --- [ionShutdownHook] com.zaxxer.hikari.HikariDataSource       : HikariPool-2 - Shutdown initiated...
2026-04-23T21:24:18.972+01:00  INFO 38917 --- [ionShutdownHook] com.zaxxer.hikari.HikariDataSource       : HikariPool-2 - Shutdown completed.
2026-04-23T21:24:18.978+01:00  INFO 38917 --- [ionShutdownHook] j.LocalContainerEntityManagerFactoryBean : Closing JPA EntityManagerFactory for persistence unit 'default'
2026-04-23T21:24:18.979+01:00  INFO 38917 --- [ionShutdownHook] com.zaxxer.hikari.HikariDataSource       : HikariPool-3 - Shutdown initiated...
2026-04-23T21:24:18.982+01:00  INFO 38917 --- [ionShutdownHook] com.zaxxer.hikari.HikariDataSource       : HikariPool-3 - Shutdown completed.

[Incubating] Problems report is available at: file:///Users/yosragadhgadhi/IdeaProjects/elfaddoui-backend/build/reports/problems/problems-report.html

BUILD SUCCESSFUL in 57s
5 actionable tasks: 4 executed, 1 up-to-date
Consider enabling configuration cache to speed up this build: https://docs.gradle.org/9.3.0/userguide/configuration_cache_enabling.html
2026-04-23T21:24:19.805+0100 [DEBUG] [org.gradle.launcher.daemon.server.exec.ExecuteBuild] The daemon has finished executing the build.
2026-04-23T21:24:20.179+0100 [DEBUG] [org.gradle.launcher.daemon.server.DaemonStateCoordinator] daemon stop has been requested. Sleeping until state changes.
2026-04-23T21:24:20.182+0100 [DEBUG] [org.gradle.launcher.daemon.server.DaemonStateCoordinator] Command execution: finished waiting for DaemonCommandExecution[command = Build{id=f6268bce-0302-4805-80cf-db0c00b4e00c, currentDir=/Users/yosragadhgadhi/IdeaProjects/elfaddoui-backend}, connection = DefaultDaemonConnection: socket connection from /127.0.0.1:59856 to /127.0.0.1:59857]. Result org.gradle.launcher.daemon.server.DaemonStateCoordinator@35b40f67 with state StopRequested
2026-04-23T21:24:20.183+0100 [DEBUG] [org.gradle.launcher.daemon.server.DaemonStateCoordinator] Command execution: completed DaemonCommandExecution[command = Build{id=f6268bce-0302-4805-80cf-db0c00b4e00c, currentDir=/Users/yosragadhgadhi/IdeaProjects/elfaddoui-backend}, connection = DefaultDaemonConnection: socket connection from /127.0.0.1:59856 to /127.0.0.1:59857]
2026-04-23T21:24:20.183+0100 [DEBUG] [org.gradle.launcher.daemon.server.DaemonStateCoordinator] resetting idle timer
2026-04-23T21:24:20.184+0100 [DEBUG] [org.gradle.launcher.daemon.server.DaemonStateCoordinator] Marking daemon stopped due to command completed and stop requested. The daemon is not running a build
2026-04-23T21:24:20.184+0100 [DEBUG] [org.gradle.launcher.daemon.server.DaemonStateCoordinator] daemon has stopped.
2026-04-23T21:24:20.184+0100 [DEBUG] [org.gradle.launcher.daemon.server.exec.ReturnResult] Daemon is dispatching the build result: Success[value=org.gradle.launcher.exec.BuildActionResult@2feb9114]
2026-04-23T21:24:20.185+0100 [DEBUG] [org.gradle.launcher.daemon.server.SynchronizedDispatchConnection] thread 28: dispatching Success[value=org.gradle.launcher.exec.BuildActionResult@2feb9114]
2026-04-23T21:24:20.185+0100 [DEBUG] [org.gradle.launcher.daemon.server.Daemon] stop() called on daemon
2026-04-23T21:24:20.185+0100 [INFO] [org.gradle.launcher.daemon.server.Daemon] Stop requested. Daemon is removing its presence from the registry...
2026-04-23T21:24:20.186+0100 [DEBUG] [org.gradle.launcher.daemon.server.DaemonRegistryUpdater] Removing our presence to clients, eg. removing this address from the registry: [a5c0e304-3dac-4386-969b-d0bec766f251 port:59856, addresses:[localhost/127.0.0.1]]
2026-04-23T21:24:20.186+0100 [DEBUG] [org.gradle.launcher.daemon.registry.PersistentDaemonRegistry] Removing daemon address: [a5c0e304-3dac-4386-969b-d0bec766f251 port:59856, addresses:[localhost/127.0.0.1]]
2026-04-23T21:24:20.187+0100 [DEBUG] [org.gradle.cache.internal.DefaultFileLockManager] Waiting to acquire exclusive lock on daemon addresses registry.
2026-04-23T21:24:20.188+0100 [DEBUG] [org.gradle.cache.internal.DefaultFileLockManager] Lock acquired on daemon addresses registry.
2026-04-23T21:24:20.188+0100 [DEBUG] [org.gradle.launcher.daemon.server.SynchronizedDispatchConnection] thread 29: received class org.gradle.launcher.daemon.protocol.CloseInput
2026-04-23T21:24:20.190+0100 [DEBUG] [org.gradle.launcher.daemon.server.DefaultDaemonConnection] thread 29: Received IO message from client: org.gradle.launcher.daemon.protocol.CloseInput@381ca92b
2026-04-23T21:24:20.194+0100 [DEBUG] [org.gradle.cache.internal.DefaultFileLockManager] Releasing lock on daemon addresses registry.
2026-04-23T21:24:20.194+0100 [DEBUG] [org.gradle.launcher.daemon.server.SynchronizedDispatchConnection] thread 29: received class org.gradle.launcher.daemon.protocol.Finished
2026-04-23T21:24:20.194+0100 [DEBUG] [org.gradle.launcher.daemon.server.DefaultDaemonConnection] thread 29: Received non-IO message from client: org.gradle.launcher.daemon.protocol.Finished@1bc74494
2026-04-23T21:24:20.194+0100 [DEBUG] [org.gradle.launcher.daemon.server.DaemonRegistryUpdater] Address removed from registry.
2026-04-23T21:24:20.190+0100 [DEBUG] [org.gradle.launcher.daemon.server.exec.CleanUpVirtualFileSystemAfterBuild] Cleaning virtual file system after build finished
2026-04-23T21:24:20.193+0100 [DEBUG] [org.gradle.launcher.daemon.server.DefaultIncomingConnectionHandler] Finishing executing command: Build{id=f6268bce-0302-4805-80cf-db0c00b4e00c, currentDir=/Users/yosragadhgadhi/IdeaProjects/elfaddoui-backend}
2026-04-23T21:24:20.196+0100 [DEBUG] [org.gradle.launcher.daemon.server.DefaultIncomingConnectionHandler] Received finished message: org.gradle.launcher.daemon.protocol.Finished@1bc74494
2026-04-23T21:24:20.197+0100 [DEBUG] [org.gradle.launcher.daemon.server.SynchronizedDispatchConnection] thread 28: stopping connection
2026-04-23T21:24:20.201+0100 [DEBUG] [org.gradle.internal.remote.internal.inet.SocketConnection] Discarding EOFException: java.io.EOFException
2026-04-23T21:24:20.201+0100 [DEBUG] [org.gradle.launcher.daemon.server.SynchronizedDispatchConnection] thread 29: received null
2026-04-23T21:24:20.201+0100 [DEBUG] [org.gradle.launcher.daemon.server.DefaultDaemonConnection] thread 29: Received end-of-input from client.
2026-04-23T21:24:20.202+0100 [DEBUG] [org.gradle.launcher.daemon.server.SynchronizedDispatchConnection] thread 28: stopping connection
2026-04-23T21:24:20.217+0100 [DEBUG] [org.gradle.cache.internal.LockOnDemandCrossProcessCacheAccess] Releasing file lock for jars (/Users/yosragadhgadhi/IdeaProjects/elfaddoui-backend/.gradle-local/caches/jars-9)
2026-04-23T21:24:20.217+0100 [DEBUG] [org.gradle.cache.internal.DefaultFileLockManager] Releasing lock on jars (/Users/yosragadhgadhi/IdeaProjects/elfaddoui-backend/.gradle-local/caches/jars-9).
2026-04-23T21:24:20.219+0100 [DEBUG] [org.gradle.cache.internal.DefaultCacheCleanupExecutor] jars (/Users/yosragadhgadhi/IdeaProjects/elfaddoui-backend/.gradle-local/caches/jars-9) has last been fully cleaned up 22 hours ago
2026-04-23T21:24:20.219+0100 [DEBUG] [org.gradle.cache.internal.DefaultCacheCleanupExecutor] Skipping cleanup for jars (/Users/yosragadhgadhi/IdeaProjects/elfaddoui-backend/.gradle-local/caches/jars-9) as it is not yet due
2026-04-23T21:24:20.219+0100 [DEBUG] [org.gradle.cache.internal.LockOnDemandCrossProcessCacheAccess] Releasing file lock for file content cache (/Users/yosragadhgadhi/IdeaProjects/elfaddoui-backend/.gradle-local/caches/9.3.0/fileContent)
2026-04-23T21:24:20.220+0100 [DEBUG] [org.gradle.cache.internal.DefaultFileLockManager] Releasing lock on file content cache (/Users/yosragadhgadhi/IdeaProjects/elfaddoui-backend/.gradle-local/caches/9.3.0/fileContent).
2026-04-23T21:24:20.220+0100 [DEBUG] [org.gradle.internal.watch.vfs.impl.WatchingVirtualFileSystem] Closing VFS, dropping state
2026-04-23T21:24:20.222+0100 [DEBUG] [org.gradle.internal.watch.registry.impl.DefaultFileWatcherRegistry] Finished listening to file system change events
2026-04-23T21:24:20.222+0100 [DEBUG] [org.gradle.cache.internal.DefaultCacheCoordinator] Cache Generated Gradle JARs cache (/Users/yosragadhgadhi/IdeaProjects/elfaddoui-backend/.gradle-local/caches/9.3.0/generated-gradle-jars) was closed 0 times.
2026-04-23T21:24:20.223+0100 [DEBUG] [org.gradle.cache.internal.LockOnDemandCrossProcessCacheAccess] Releasing file lock for artifact cache (/Users/yosragadhgadhi/IdeaProjects/elfaddoui-backend/.gradle-local/caches/modules-2)
2026-04-23T21:24:20.224+0100 [DEBUG] [org.gradle.cache.internal.btree.BTreePersistentIndexedCache] Closing cache module-artifact.bin (/Users/yosragadhgadhi/IdeaProjects/elfaddoui-backend/.gradle-local/caches/modules-2/metadata-2.107/module-artifact.bin)
2026-04-23T21:24:20.225+0100 [DEBUG] [org.gradle.cache.internal.btree.BTreePersistentIndexedCache] Closing cache module-metadata.bin (/Users/yosragadhgadhi/IdeaProjects/elfaddoui-backend/.gradle-local/caches/modules-2/metadata-2.107/module-metadata.bin)
2026-04-23T21:24:20.225+0100 [DEBUG] [org.gradle.cache.internal.DefaultFileLockManager] Releasing lock on artifact cache (/Users/yosragadhgadhi/IdeaProjects/elfaddoui-backend/.gradle-local/caches/modules-2).
2026-04-23T21:24:20.226+0100 [DEBUG] [org.gradle.cache.internal.DefaultCacheCleanupExecutor] artifact cache (/Users/yosragadhgadhi/IdeaProjects/elfaddoui-backend/.gradle-local/caches/modules-2) has last been fully cleaned up 22 hours ago
2026-04-23T21:24:20.226+0100 [DEBUG] [org.gradle.cache.internal.DefaultCacheCleanupExecutor] Skipping cleanup for artifact cache (/Users/yosragadhgadhi/IdeaProjects/elfaddoui-backend/.gradle-local/caches/modules-2) as it is not yet due
2026-04-23T21:24:20.227+0100 [DEBUG] [org.gradle.cache.internal.DefaultCacheCleanupExecutor] groovy-dsl (/Users/yosragadhgadhi/IdeaProjects/elfaddoui-backend/.gradle-local/caches/9.3.0/groovy-dsl) has last been fully cleaned up 22 hours ago
2026-04-23T21:24:20.227+0100 [DEBUG] [org.gradle.cache.internal.DefaultCacheCleanupExecutor] Skipping cleanup for groovy-dsl (/Users/yosragadhgadhi/IdeaProjects/elfaddoui-backend/.gradle-local/caches/9.3.0/groovy-dsl) as it is not yet due
2026-04-23T21:24:20.227+0100 [DEBUG] [org.gradle.cache.internal.DefaultCacheCoordinator] Cache groovy-dsl (/Users/yosragadhgadhi/IdeaProjects/elfaddoui-backend/.gradle-local/caches/9.3.0/groovy-dsl) was closed 0 times.
2026-04-23T21:24:20.228+0100 [DEBUG] [org.gradle.cache.internal.DefaultCacheCleanupExecutor] Artifact transforms cache (/Users/yosragadhgadhi/IdeaProjects/elfaddoui-backend/.gradle-local/caches/9.3.0/transforms) has last been fully cleaned up 22 hours ago
2026-04-23T21:24:20.228+0100 [DEBUG] [org.gradle.cache.internal.DefaultCacheCleanupExecutor] Skipping cleanup for Artifact transforms cache (/Users/yosragadhgadhi/IdeaProjects/elfaddoui-backend/.gradle-local/caches/9.3.0/transforms) as it is not yet due
2026-04-23T21:24:20.229+0100 [DEBUG] [org.gradle.cache.internal.DefaultCacheCoordinator] Cache Artifact transforms cache (/Users/yosragadhgadhi/IdeaProjects/elfaddoui-backend/.gradle-local/caches/9.3.0/transforms) was closed 0 times.
2026-04-23T21:24:20.229+0100 [DEBUG] [org.gradle.cache.internal.LockOnDemandCrossProcessCacheAccess] Releasing file lock for journal cache (/Users/yosragadhgadhi/IdeaProjects/elfaddoui-backend/.gradle-local/caches/journal-1)
2026-04-23T21:24:20.229+0100 [DEBUG] [org.gradle.cache.internal.btree.BTreePersistentIndexedCache] Closing cache file-access.bin (/Users/yosragadhgadhi/IdeaProjects/elfaddoui-backend/.gradle-local/caches/journal-1/file-access.bin)
2026-04-23T21:24:20.230+0100 [DEBUG] [org.gradle.cache.internal.DefaultFileLockManager] Releasing lock on journal cache (/Users/yosragadhgadhi/IdeaProjects/elfaddoui-backend/.gradle-local/caches/journal-1).
2026-04-23T21:24:20.231+0100 [DEBUG] [org.gradle.cache.internal.LockOnDemandCrossProcessCacheAccess] Releasing file lock for file hash cache (/Users/yosragadhgadhi/IdeaProjects/elfaddoui-backend/.gradle-local/caches/9.3.0/fileHashes)
2026-04-23T21:24:20.231+0100 [DEBUG] [org.gradle.cache.internal.btree.BTreePersistentIndexedCache] Closing cache fileHashes.bin (/Users/yosragadhgadhi/IdeaProjects/elfaddoui-backend/.gradle-local/caches/9.3.0/fileHashes/fileHashes.bin)
2026-04-23T21:24:20.232+0100 [DEBUG] [org.gradle.cache.internal.btree.BTreePersistentIndexedCache] Closing cache resourceHashesCache.bin (/Users/yosragadhgadhi/IdeaProjects/elfaddoui-backend/.gradle-local/caches/9.3.0/fileHashes/resourceHashesCache.bin)
2026-04-23T21:24:20.232+0100 [DEBUG] [org.gradle.cache.internal.DefaultFileLockManager] Releasing lock on file hash cache (/Users/yosragadhgadhi/IdeaProjects/elfaddoui-backend/.gradle-local/caches/9.3.0/fileHashes).
2026-04-23T21:24:20.233+0100 [DEBUG] [org.gradle.cache.internal.LockOnDemandCrossProcessCacheAccess] Releasing file lock for Java compile cache (/Users/yosragadhgadhi/IdeaProjects/elfaddoui-backend/.gradle-local/caches/9.3.0/javaCompile)
2026-04-23T21:24:20.233+0100 [DEBUG] [org.gradle.cache.internal.btree.BTreePersistentIndexedCache] Closing cache jarAnalysis.bin (/Users/yosragadhgadhi/IdeaProjects/elfaddoui-backend/.gradle-local/caches/9.3.0/javaCompile/jarAnalysis.bin)
2026-04-23T21:24:20.234+0100 [DEBUG] [org.gradle.cache.internal.btree.BTreePersistentIndexedCache] Closing cache classAnalysis.bin (/Users/yosragadhgadhi/IdeaProjects/elfaddoui-backend/.gradle-local/caches/9.3.0/javaCompile/classAnalysis.bin)
2026-04-23T21:24:20.234+0100 [DEBUG] [org.gradle.cache.internal.DefaultFileLockManager] Releasing lock on Java compile cache (/Users/yosragadhgadhi/IdeaProjects/elfaddoui-backend/.gradle-local/caches/9.3.0/javaCompile).
2026-04-23T21:24:20.237+0100 [DEBUG] [org.gradle.internal.operations.DefaultBuildOperationRunner] Build operation 'Deleting unused version-specific caches in /Users/yosragadhgadhi/IdeaProjects/elfaddoui-backend/.gradle-local/caches' started
2026-04-23T21:24:20.237+0100 [DEBUG] [org.gradle.internal.operations.DefaultBuildOperationRunner] Completing Build operation 'Deleting unused version-specific caches in /Users/yosragadhgadhi/IdeaProjects/elfaddoui-backend/.gradle-local/caches'
2026-04-23T21:24:20.238+0100 [DEBUG] [org.gradle.internal.operations.DefaultBuildOperationRunner] Build operation 'Deleting unused version-specific caches in /Users/yosragadhgadhi/IdeaProjects/elfaddoui-backend/.gradle-local/caches' completed
2026-04-23T21:24:20.238+0100 [DEBUG] [org.gradle.launcher.daemon.server.Daemon] stop() called on daemon
2026-04-23T21:24:20.239+0100 [INFO] [org.gradle.launcher.daemon.server.Daemon] Stop requested. Daemon is removing its presence from the registry...
2026-04-23T21:24:20.239+0100 [DEBUG] [org.gradle.launcher.daemon.server.DaemonRegistryUpdater] Removing our presence to clients, eg. removing this address from the registry: [a5c0e304-3dac-4386-969b-d0bec766f251 port:59856, addresses:[localhost/127.0.0.1]]
2026-04-23T21:24:20.239+0100 [DEBUG] [org.gradle.launcher.daemon.registry.PersistentDaemonRegistry] Removing daemon address: [a5c0e304-3dac-4386-969b-d0bec766f251 port:59856, addresses:[localhost/127.0.0.1]]
2026-04-23T21:24:20.240+0100 [DEBUG] [org.gradle.cache.internal.DefaultFileLockManager] Waiting to acquire exclusive lock on daemon addresses registry.
2026-04-23T21:24:20.241+0100 [DEBUG] [org.gradle.cache.internal.DefaultFileLockManager] Lock acquired on daemon addresses registry.
2026-04-23T21:24:20.242+0100 [DEBUG] [org.gradle.cache.internal.DefaultFileLockManager] Releasing lock on daemon addresses registry.
2026-04-23T21:24:20.243+0100 [DEBUG] [org.gradle.launcher.daemon.server.DaemonRegistryUpdater] Address removed from registry.
2026-04-23T21:24:20.244+0100 [DEBUG] [org.gradle.cache.internal.locklistener.DefaultFileLockContentionHandler] File lock listener thread completed.
2026-04-23T21:24:20.248+0100 [DEBUG] [java.lang.Runtime] Runtime.exit() called with status: 0
java.lang.Throwable: Runtime.exit(0)
	at java.base/java.lang.Shutdown.logRuntimeExit(Shutdown.java:179)
	at java.base/java.lang.Shutdown.exit(Shutdown.java:160)
	at java.base/java.lang.Runtime.exit(Runtime.java:188)
	at java.base/java.lang.System.exit(System.java:1923)
	at org.gradle.launcher.bootstrap.ProcessCompleter.complete(ProcessCompleter.java:21)
	at org.gradle.launcher.bootstrap.EntryPoint.run(EntryPoint.java:62)
	at java.base/jdk.internal.reflect.DirectMethodHandleAccessor.invoke(DirectMethodHandleAccessor.java:103)
	at java.base/java.lang.reflect.Method.invoke(Method.java:580)
	at org.gradle.launcher.bootstrap.ProcessBootstrap.runNoExit(ProcessBootstrap.java:72)
	at org.gradle.launcher.bootstrap.ProcessBootstrap.run(ProcessBootstrap.java:39)
	at org.gradle.launcher.daemon.bootstrap.GradleDaemon.main(GradleDaemon.java:22)
Daemon vm is shutting down... The daemon has exited normally or was terminated in response to a user interrupt.
2026-04-23T21:24:20.251+0100 [DEBUG] [org.gradle.launcher.daemon.registry.PersistentDaemonRegistry] Removing daemon address: [a5c0e304-3dac-4386-969b-d0bec766f251 port:59856, addresses:[localhost/127.0.0.1]]
2026-04-23T21:24:20.251+0100 [DEBUG] [org.gradle.launcher.daemon.server.Daemon] VM shutdown hook was unable to remove the daemon address from the registry. It will be cleaned up later.
java.lang.IllegalStateException: Cannot start managing file contention because this handler has been closed.
	at org.gradle.cache.internal.locklistener.DefaultFileLockContentionHandler.assertNotStopped(DefaultFileLockContentionHandler.java:267)
	at org.gradle.cache.internal.locklistener.DefaultFileLockContentionHandler.reservePort(DefaultFileLockContentionHandler.java:312)
	at org.gradle.cache.internal.DefaultFileLockManager.lock(DefaultFileLockManager.java:124)
	at org.gradle.cache.internal.DefaultFileLockManager.lock(DefaultFileLockManager.java:106)
	at org.gradle.cache.internal.DefaultFileLockManager.lock(DefaultFileLockManager.java:101)
	at org.gradle.cache.internal.OnDemandFileAccess.updateFile(OnDemandFileAccess.java:51)
	at org.gradle.cache.internal.FileBackedObjectHolder.update(FileBackedObjectHolder.java:77)
	at org.gradle.cache.internal.FileIntegrityViolationSuppressingObjectHolderDecorator.lambda$update$0(FileIntegrityViolationSuppressingObjectHolderDecorator.java:48)
	at org.gradle.cache.internal.FileIntegrityViolationSuppressingObjectHolderDecorator.doUpdate(FileIntegrityViolationSuppressingObjectHolderDecorator.java:58)
	at org.gradle.cache.internal.FileIntegrityViolationSuppressingObjectHolderDecorator.update(FileIntegrityViolationSuppressingObjectHolderDecorator.java:48)
	at org.gradle.launcher.daemon.registry.PersistentDaemonRegistry.remove(PersistentDaemonRegistry.java:133)
	at org.gradle.launcher.daemon.server.Daemon$1.run(Daemon.java:133)
	at java.base/java.lang.Thread.run(Thread.java:1575)
